[NET] loaded weights: D:\MyProjects\brawlstarsnetowork\BrawlStarsAIBot\src\network\player_network_best.pt
[RL] loaded pretrained policy: D:\MyProjects\brawlstarsnetowork\BrawlStarsAIBot\src\network\player_network_best.pt
[RL] env starting, device=cuda...
[RL] rollout #1 steps=32 reward=0.280 mean_reward=0.0087 episodes_done=0 fps=1.3
[RL] rollout #2 steps=32 reward=0.280 mean_reward=0.0087 episodes_done=0 fps=5.1
[RL] rollout #3 steps=32 reward=-0.480 mean_reward=-0.0150 episodes_done=0 fps=4.9
[RL] rollout #4 steps=32 reward=0.920 mean_reward=0.0287 episodes_done=0 fps=4.9
[RL] rollout #5 steps=32 reward=0.250 mean_reward=0.0078 episodes_done=0 fps=5.0
[RL] rollout #6 steps=32 reward=-0.450 mean_reward=-0.0141 episodes_done=0 fps=5.1
[RL] rollout #7 steps=32 reward=0.920 mean_reward=0.0287 episodes_done=0 fps=4.9
[RL] rollout #8 steps=32 reward=0.190 mean_reward=0.0059 episodes_done=0 fps=4.8
[RL] rollout #9 steps=32 reward=0.220 mean_reward=0.0069 episodes_done=0 fps=4.9
[RL] rollout #10 steps=32 reward=1.010 mean_reward=0.0316 episodes_done=0 fps=5.2
[RL] it 10/1000 | episodes=0 avg_reward_last10=0.000 best=-1000000000.000
[RL] rollout #11 steps=32 reward=0.280 mean_reward=0.0087 episodes_done=0 fps=5.1
[RL] rollout #12 steps=32 reward=0.950 mean_reward=0.0297 episodes_done=0 fps=4.9
[RL] rollout #13 steps=31 reward=0.250 mean_reward=0.0081 episodes_done=0 fps=2.0
[RL] rollout #14 steps=3 reward=-0.060 mean_reward=-0.0200 episodes_done=0 fps=0.2
[RL] rollout #15 steps=4 reward=0.640 mean_reward=0.1600 episodes_done=0 fps=0.3
[RL] rollout #16 steps=3 reward=0.670 mean_reward=0.2233 episodes_done=0 fps=0.2
[RL] rollout #17 steps=4 reward=0.540 mean_reward=0.1350 episodes_done=0 fps=0.3
[RL] rollout #18 steps=5 reward=1.240 mean_reward=0.2480 episodes_done=0 fps=0.4
[RL] rollout #19 steps=3 reward=-0.030 mean_reward=-0.0100 episodes_done=0 fps=0.2
